Profiler start (1) /tmp/dscale/d2_n40/.scala-build/d2_n40_6c26bd6553/classes/main
parser,run ns = 68383625,idle ns = 0,cpu ns = 66781000,user ns = 64603000,allocated = 8517024,heap at end = 24015136, total allocated = 8517024 
Profile hook start
Profiler GC reported 4ms
Profiler GC reported 4ms
Profiler GC reported 5ms
Profiler GC reported 2ms
Profiler GC reported 0ms
Profile hook stop
typer,run ns = 600885250,idle ns = 0,cpu ns = 578576000,user ns = 567940000,allocated = 76603024,heap at end = 37888872, total allocated = 85120048 
inlinedPositions,run ns = 217125,idle ns = 0,cpu ns = 217000,user ns = 211000,allocated = 47304,heap at end = 37888872, total allocated = 85167352 
Profiler GC reported 6ms
posttyper,run ns = 169003833,idle ns = 0,cpu ns = 160306000,user ns = 157691000,allocated = 14251048,heap at end = 33043936, total allocated = 99418400 
unrollDefs,run ns = 56458,idle ns = 0,cpu ns = 56000,user ns = 50000,allocated = 4048,heap at end = 33043936, total allocated = 99422448 
pickler,run ns = 69444500,idle ns = 0,cpu ns = 68909000,user ns = 67224000,allocated = 15604584,heap at end = 54015456, total allocated = 115027032 
inlining,run ns = 445389166,idle ns = 0,cpu ns = 442126000,user ns = 430847000,allocated = 54893088,heap at end = 108541408, total allocated = 169920120 
postInlining,run ns = 53417,idle ns = 0,cpu ns = 53000,user ns = 48000,allocated = 4048,heap at end = 108541408, total allocated = 169924168 
staging,run ns = 33208,idle ns = 0,cpu ns = 32000,user ns = 30000,allocated = 4048,heap at end = 108541408, total allocated = 169928216 
splicing,run ns = 35417,idle ns = 0,cpu ns = 36000,user ns = 32000,allocated = 4048,heap at end = 108541408, total allocated = 169932264 
pickleQuotes,run ns = 34916,idle ns = 0,cpu ns = 35000,user ns = 29000,allocated = 4048,heap at end = 108541408, total allocated = 169936312 
[33m[33m-- [E197] Potential Issue Warning: /tmp/dscale/d2_n40/Typeclasses.scala:24:4 ---[0m[0m
[33m24 |[0m    [33mnew[0m [32mCodec[0m[[32mA[0m]:
[33m[33m   |[0m    ^[0m
[33m   |[0m   New anonymous class definition will be duplicated at each inline site
[33m   |[0m
[33m   |[0m longer explanation available when compiling with `-explain`
[33m[33m-- [E197] Potential Issue Warning: /tmp/dscale/d2_n40/Typeclasses.scala:40:4 ---[0m[0m
[33m40 |[0m    [33mnew[0m [32mTable[0m[[32mA[0m] { [33mdef[0m [36mcolumns[0m = cols }
[33m[33m   |[0m    ^[0m
[33m   |[0m   New anonymous class definition will be duplicated at each inline site
[33m   |[0m
[33m   |[0m longer explanation available when compiling with `-explain`
[33m[33m-- [E197] Potential Issue Warning: /tmp/dscale/d2_n40/Typeclasses.scala:47:4 ---[0m[0m
[33m47 |[0m    [33mnew[0m [32mForm[0m[[32mA[0m] { [33mdef[0m [36mhtml[0m = cols.map([36mc[0m => [32ms"<input name='[0m$c[32m'>"[0m).mkString }
[33m[33m   |[0m    ^[0m
[33m   |[0m   New anonymous class definition will be duplicated at each inline site
[33m   |[0m
[33m   |[0m longer explanation available when compiling with `-explain`
[33m[33m-- [E197] Potential Issue Warning: /tmp/dscale/d2_n40/Typeclasses.scala:54:4 ---[0m[0m
[33m54 |[0m    [33mnew[0m [32mResource[0m[[32mA[0m] { [33mdef[0m [36mroutes[0m = [33mList[0m([32m"GET /"[0m, [32m"POST /"[0m) ++ cols.map([36mc[0m => [32ms"GET /:id/[0m$c[32m"[0m) }
[33m[33m   |[0m    ^[0m
[33m   |[0m   New anonymous class definition will be duplicated at each inline site
[33m   |[0m
[33m   |[0m longer explanation available when compiling with `-explain`
[33m[33m-- [E197] Potential Issue Warning: /tmp/dscale/d2_n40/Typeclasses.scala:61:4 ---[0m[0m
[33m61 |[0m    [33mnew[0m [32mShow[0m[[32mA[0m] { [33mdef[0m [36mshow[0m([36ma[0m: [32mA[0m) = cols.mkString([32m"<"[0m, [32m","[0m, [32m">"[0m) }
[33m[33m   |[0m    ^[0m
[33m   |[0m   New anonymous class definition will be duplicated at each inline site
[33m   |[0m
[33m   |[0m longer explanation available when compiling with `-explain`
[33m[33m-- [E197] Potential Issue Warning: /tmp/dscale/d2_n40/Typeclasses.scala:68:4 ---[0m[0m
[33m68 |[0m    [33mnew[0m [32mJson[0m[[32mA[0m]:
[33m[33m   |[0m    ^[0m
[33m   |[0m   New anonymous class definition will be duplicated at each inline site
[33m   |[0m
[33m   |[0m longer explanation available when compiling with `-explain`
[33m[33m-- [E197] Potential Issue Warning: /tmp/dscale/d2_n40/Typeclasses.scala:78:4 ---[0m[0m
[33m78 |[0m    [33mnew[0m [32mCsv[0m[[32mA[0m] { [33mdef[0m [36mheader[0m = cols.mkString([32m","[0m) }
[33m[33m   |[0m    ^[0m
[33m   |[0m   New anonymous class definition will be duplicated at each inline site
[33m   |[0m
[33m   |[0m longer explanation available when compiling with `-explain`
[33m[33m-- [E197] Potential Issue Warning: /tmp/dscale/d2_n40/Typeclasses.scala:85:4 ---[0m[0m
[33m85 |[0m    [33mnew[0m [32mDiff[0m[[32mA[0m] { [33mdef[0m [36mfields[0m = cols }
[33m[33m   |[0m    ^[0m
[33m   |[0m   New anonymous class definition will be duplicated at each inline site
[33m   |[0m
[33m   |[0m longer explanation available when compiling with `-explain`
MegaPhase{crossVersionChecks  firstTransform  checkReentrant  elimPackagePrefixes  cookComments  checkLoopingImplicits  betaReduce  inlineVals  expandSAMs  elimRepeated  refchecks  dropForMap},run ns = 108320042,idle ns = 0,cpu ns = 107275000,user ns = 104272000,allocated = 17581608,heap at end = 125318624, total allocated = 187517920 
Profiler GC reported 4ms
MegaPhase{protectedAccessors  extmethods  uncacheGivenAliases  checkStatic  elimByName  hoistSuperArgs  forwardDepChecks  specializeApplyMethods  tryCatchPatterns  patternMatcher},run ns = 63010750,idle ns = 0,cpu ns = 58293000,user ns = 56787000,allocated = 7118544,heap at end = 30498448, total allocated = 194636464 
MegaPhase{elimOpaque  explicitOuter  explicitSelf  interpolators  dropBreaks},run ns = 13863666,idle ns = 0,cpu ns = 13735000,user ns = 13665000,allocated = 1539376,heap at end = 30498448, total allocated = 196175840 
MegaPhase{pruneErasedDefs  uninitialized  inlinePatterns  vcInlineMethods  seqLiterals  intercepted  getters  specializeFunctions  specializeTuples  collectNullableFields  elimOuterSelect  resolveSuper  functionXXLForwarders  paramForwarding  genericTuples  letOverApply  arrayConstructors},run ns = 23152792,idle ns = 0,cpu ns = 22888000,user ns = 22703000,allocated = 2580520,heap at end = 34692752, total allocated = 198756360 
erasure,run ns = 144256708,idle ns = 0,cpu ns = 142809000,user ns = 140613000,allocated = 28622600,heap at end = 64052880, total allocated = 227378960 
MegaPhase{elimErasedValueType  pureStats  vcElideAllocations  etaReduce  arrayApply  elimPolyFunction  tailrec  completeJavaEnums  mixin  lazyVals  memoize  nonLocalReturns  capturedVars},run ns = 102817625,idle ns = 0,cpu ns = 101993000,user ns = 100635000,allocated = 16051592,heap at end = 76635792, total allocated = 243430552 
constructors,run ns = 17958167,idle ns = 0,cpu ns = 17488000,user ns = 17417000,allocated = 1350456,heap at end = 80830096, total allocated = 244781008 
MegaPhase{lambdaLift  elimStaticThis  countOuterAccesses},run ns = 47065167,idle ns = 0,cpu ns = 46204000,user ns = 45702000,allocated = 5828488,heap at end = 85024400, total allocated = 250609496 
MegaPhase{dropOuterAccessors  dropParentRefinements  checkNoSuperThis  flatten  transformWildcards  moveStatic  expandPrivate  restoreScopes  selectStatic  Collect entry points  repeatableAnnotations},run ns = 23876833,idle ns = 0,cpu ns = 23510000,user ns = 23014000,allocated = 2252704,heap at end = 89218704, total allocated = 252862200 
Profiler GC reported 8ms
genBCode,run ns = 313495167,idle ns = 0,cpu ns = 301900000,user ns = 281771000,allocated = 54590312,heap at end = 63852448, total allocated = 307452512 
8 warnings found
