Profiler start (1) /tmp/dscale/d2_n40/.scala-build/d2_n40_6c26bd6553/classes/main
parser,run ns = 65039750,idle ns = 0,cpu ns = 63873000,user ns = 61978000,allocated = 8519208,heap at end = 24022616, total allocated = 8519208 
Profile hook start
Profiler GC reported 4ms
Profiler GC reported 3ms
Profiler GC reported 5ms
Profiler GC reported 3ms
Profiler GC reported 0ms
Profile hook stop
typer,run ns = 599785041,idle ns = 0,cpu ns = 577419000,user ns = 567021000,allocated = 76574376,heap at end = 34054528, total allocated = 85093584 
inlinedPositions,run ns = 221667,idle ns = 0,cpu ns = 222000,user ns = 215000,allocated = 47304,heap at end = 34054528, total allocated = 85140888 
Profiler GC reported 5ms
posttyper,run ns = 170817500,idle ns = 0,cpu ns = 162587000,user ns = 160278000,allocated = 14246504,heap at end = 32625264, total allocated = 99387392 
unrollDefs,run ns = 53375,idle ns = 0,cpu ns = 54000,user ns = 51000,allocated = 4048,heap at end = 32625264, total allocated = 99391440 
pickler,run ns = 66415458,idle ns = 0,cpu ns = 65879000,user ns = 64211000,allocated = 15604776,heap at end = 49402480, total allocated = 114996216 
inlining,run ns = 414425709,idle ns = 0,cpu ns = 410604000,user ns = 399795000,allocated = 52980408,heap at end = 103928432, total allocated = 167976624 
postInlining,run ns = 53792,idle ns = 0,cpu ns = 53000,user ns = 47000,allocated = 4048,heap at end = 103928432, total allocated = 167980672 
staging,run ns = 32292,idle ns = 0,cpu ns = 32000,user ns = 29000,allocated = 4048,heap at end = 103928432, total allocated = 167984720 
splicing,run ns = 29208,idle ns = 0,cpu ns = 29000,user ns = 27000,allocated = 4048,heap at end = 103928432, total allocated = 167988768 
pickleQuotes,run ns = 32416,idle ns = 0,cpu ns = 32000,user ns = 31000,allocated = 4048,heap at end = 103928432, total allocated = 167992816 
[33m[33m-- [E197] Potential Issue Warning: /tmp/dscale/d2_n40/Typeclasses.scala:24:4 ---[0m[0m
[33m24 |[0m    [33mnew[0m [32mCodec[0m[[32mA[0m]:
[33m[33m   |[0m    ^[0m
[33m   |[0m   New anonymous class definition will be duplicated at each inline site
[33m   |[0m
[33m   |[0m longer explanation available when compiling with `-explain`
[33m[33m-- [E197] Potential Issue Warning: /tmp/dscale/d2_n40/Typeclasses.scala:40:4 ---[0m[0m
[33m40 |[0m    [33mnew[0m [32mTable[0m[[32mA[0m] { [33mdef[0m [36mcolumns[0m = cols }
[33m[33m   |[0m    ^[0m
[33m   |[0m   New anonymous class definition will be duplicated at each inline site
[33m   |[0m
[33m   |[0m longer explanation available when compiling with `-explain`
[33m[33m-- [E197] Potential Issue Warning: /tmp/dscale/d2_n40/Typeclasses.scala:47:4 ---[0m[0m
[33m47 |[0m    [33mnew[0m [32mForm[0m[[32mA[0m] { [33mdef[0m [36mhtml[0m = cols.map([36mc[0m => [32ms"<input name='[0m$c[32m'>"[0m).mkString }
[33m[33m   |[0m    ^[0m
[33m   |[0m   New anonymous class definition will be duplicated at each inline site
[33m   |[0m
[33m   |[0m longer explanation available when compiling with `-explain`
[33m[33m-- [E197] Potential Issue Warning: /tmp/dscale/d2_n40/Typeclasses.scala:54:4 ---[0m[0m
[33m54 |[0m    [33mnew[0m [32mResource[0m[[32mA[0m] { [33mdef[0m [36mroutes[0m = [33mList[0m([32m"GET /"[0m, [32m"POST /"[0m) ++ cols.map([36mc[0m => [32ms"GET /:id/[0m$c[32m"[0m) }
[33m[33m   |[0m    ^[0m
[33m   |[0m   New anonymous class definition will be duplicated at each inline site
[33m   |[0m
[33m   |[0m longer explanation available when compiling with `-explain`
[33m[33m-- [E197] Potential Issue Warning: /tmp/dscale/d2_n40/Typeclasses.scala:61:4 ---[0m[0m
[33m61 |[0m    [33mnew[0m [32mShow[0m[[32mA[0m] { [33mdef[0m [36mshow[0m([36ma[0m: [32mA[0m) = cols.mkString([32m"<"[0m, [32m","[0m, [32m">"[0m) }
[33m[33m   |[0m    ^[0m
[33m   |[0m   New anonymous class definition will be duplicated at each inline site
[33m   |[0m
[33m   |[0m longer explanation available when compiling with `-explain`
[33m[33m-- [E197] Potential Issue Warning: /tmp/dscale/d2_n40/Typeclasses.scala:68:4 ---[0m[0m
[33m68 |[0m    [33mnew[0m [32mJson[0m[[32mA[0m]:
[33m[33m   |[0m    ^[0m
[33m   |[0m   New anonymous class definition will be duplicated at each inline site
[33m   |[0m
[33m   |[0m longer explanation available when compiling with `-explain`
[33m[33m-- [E197] Potential Issue Warning: /tmp/dscale/d2_n40/Typeclasses.scala:78:4 ---[0m[0m
[33m78 |[0m    [33mnew[0m [32mCsv[0m[[32mA[0m] { [33mdef[0m [36mheader[0m = cols.mkString([32m","[0m) }
[33m[33m   |[0m    ^[0m
[33m   |[0m   New anonymous class definition will be duplicated at each inline site
[33m   |[0m
[33m   |[0m longer explanation available when compiling with `-explain`
[33m[33m-- [E197] Potential Issue Warning: /tmp/dscale/d2_n40/Typeclasses.scala:85:4 ---[0m[0m
[33m85 |[0m    [33mnew[0m [32mDiff[0m[[32mA[0m] { [33mdef[0m [36mfields[0m = cols }
[33m[33m   |[0m    ^[0m
[33m   |[0m   New anonymous class definition will be duplicated at each inline site
[33m   |[0m
[33m   |[0m longer explanation available when compiling with `-explain`
MegaPhase{crossVersionChecks  firstTransform  checkReentrant  elimPackagePrefixes  cookComments  checkLoopingImplicits  betaReduce  inlineVals  expandSAMs  elimRepeated  refchecks  dropForMap},run ns = 110017000,idle ns = 0,cpu ns = 109224000,user ns = 105612000,allocated = 17580680,heap at end = 124899952, total allocated = 185573496 
MegaPhase{protectedAccessors  extmethods  uncacheGivenAliases  checkStatic  elimByName  hoistSuperArgs  forwardDepChecks  specializeApplyMethods  tryCatchPatterns  patternMatcher},run ns = 57531667,idle ns = 0,cpu ns = 57043000,user ns = 54961000,allocated = 7152280,heap at end = 129094256, total allocated = 192725776 
Profiler GC reported 4ms
MegaPhase{elimOpaque  explicitOuter  explicitSelf  interpolators  dropBreaks},run ns = 21015209,idle ns = 0,cpu ns = 16646000,user ns = 16242000,allocated = 1567024,heap at end = 33887200, total allocated = 194292800 
MegaPhase{pruneErasedDefs  uninitialized  inlinePatterns  vcInlineMethods  seqLiterals  intercepted  getters  specializeFunctions  specializeTuples  collectNullableFields  elimOuterSelect  resolveSuper  functionXXLForwarders  paramForwarding  genericTuples  letOverApply  arrayConstructors},run ns = 22597334,idle ns = 0,cpu ns = 22459000,user ns = 22268000,allocated = 2572152,heap at end = 33887200, total allocated = 196864952 
erasure,run ns = 149880000,idle ns = 0,cpu ns = 148996000,user ns = 146700000,allocated = 28725992,heap at end = 63247328, total allocated = 225590944 
MegaPhase{elimErasedValueType  pureStats  vcElideAllocations  etaReduce  arrayApply  elimPolyFunction  tailrec  completeJavaEnums  mixin  lazyVals  memoize  nonLocalReturns  capturedVars},run ns = 100875417,idle ns = 0,cpu ns = 99876000,user ns = 98772000,allocated = 15953088,heap at end = 80024544, total allocated = 241544032 
constructors,run ns = 17835000,idle ns = 0,cpu ns = 17835000,user ns = 17753000,allocated = 1378648,heap at end = 80024544, total allocated = 242922680 
MegaPhase{lambdaLift  elimStaticThis  countOuterAccesses},run ns = 48279750,idle ns = 0,cpu ns = 48120000,user ns = 47618000,allocated = 5826616,heap at end = 88413152, total allocated = 248749296 
MegaPhase{dropOuterAccessors  dropParentRefinements  checkNoSuperThis  flatten  transformWildcards  moveStatic  expandPrivate  restoreScopes  selectStatic  Collect entry points  repeatableAnnotations},run ns = 22399083,idle ns = 0,cpu ns = 22301000,user ns = 22083000,allocated = 2280856,heap at end = 88413152, total allocated = 251030152 
Profiler GC reported 8ms
genBCode,run ns = 306220583,idle ns = 0,cpu ns = 295725000,user ns = 275842000,allocated = 54050088,heap at end = 71569568, total allocated = 305080240 
8 warnings found
