Profiler start (1) /tmp/dscale/d8_n5/.scala-build/d8_n5_6c26bd6553/classes/main
parser,run ns = 55985292,idle ns = 0,cpu ns = 55256000,user ns = 53347000,allocated = 8230592,heap at end = 23984592, total allocated = 8230592 
Profile hook start
Profiler GC reported 4ms
Profiler GC reported 3ms
Profiler GC reported 4ms
Profiler GC reported 2ms
Profiler GC reported 0ms
Profile hook stop
typer,run ns = 433899042,idle ns = 0,cpu ns = 413999000,user ns = 404170000,allocated = 65368424,heap at end = 30114712, total allocated = 73599016 
inlinedPositions,run ns = 232042,idle ns = 0,cpu ns = 228000,user ns = 210000,allocated = 47328,heap at end = 30114712, total allocated = 73646344 
posttyper,run ns = 80923750,idle ns = 0,cpu ns = 78391000,user ns = 76615000,allocated = 8243688,heap at end = 38503320, total allocated = 81890032 
unrollDefs,run ns = 62416,idle ns = 0,cpu ns = 61000,user ns = 58000,allocated = 4048,heap at end = 38503320, total allocated = 81894080 
pickler,run ns = 33164458,idle ns = 0,cpu ns = 32950000,user ns = 31859000,allocated = 5866416,heap at end = 46891928, total allocated = 87760496 
inlining,run ns = 321630834,idle ns = 0,cpu ns = 319158000,user ns = 312291000,allocated = 29476616,heap at end = 76252056, total allocated = 117237112 
postInlining,run ns = 50959,idle ns = 0,cpu ns = 51000,user ns = 46000,allocated = 4048,heap at end = 76252056, total allocated = 117241160 
staging,run ns = 37334,idle ns = 0,cpu ns = 37000,user ns = 32000,allocated = 4048,heap at end = 76252056, total allocated = 117245208 
splicing,run ns = 29792,idle ns = 0,cpu ns = 29000,user ns = 29000,allocated = 4048,heap at end = 76252056, total allocated = 117249256 
pickleQuotes,run ns = 30958,idle ns = 0,cpu ns = 31000,user ns = 30000,allocated = 4048,heap at end = 76252056, total allocated = 117253304 
[33m[33m-- [E197] Potential Issue Warning: /tmp/dscale/d8_n5/Typeclasses.scala:24:4 ----[0m[0m
[33m24 |[0m    [33mnew[0m [32mCodec[0m[[32mA[0m]:
[33m[33m   |[0m    ^[0m
[33m   |[0m   New anonymous class definition will be duplicated at each inline site
[33m   |[0m
[33m   |[0m longer explanation available when compiling with `-explain`
[33m[33m-- [E197] Potential Issue Warning: /tmp/dscale/d8_n5/Typeclasses.scala:40:4 ----[0m[0m
[33m40 |[0m    [33mnew[0m [32mTable[0m[[32mA[0m] { [33mdef[0m [36mcolumns[0m = cols }
[33m[33m   |[0m    ^[0m
[33m   |[0m   New anonymous class definition will be duplicated at each inline site
[33m   |[0m
[33m   |[0m longer explanation available when compiling with `-explain`
[33m[33m-- [E197] Potential Issue Warning: /tmp/dscale/d8_n5/Typeclasses.scala:47:4 ----[0m[0m
[33m47 |[0m    [33mnew[0m [32mForm[0m[[32mA[0m] { [33mdef[0m [36mhtml[0m = cols.map([36mc[0m => [32ms"<input name='[0m$c[32m'>"[0m).mkString }
[33m[33m   |[0m    ^[0m
[33m   |[0m   New anonymous class definition will be duplicated at each inline site
[33m   |[0m
[33m   |[0m longer explanation available when compiling with `-explain`
[33m[33m-- [E197] Potential Issue Warning: /tmp/dscale/d8_n5/Typeclasses.scala:54:4 ----[0m[0m
[33m54 |[0m    [33mnew[0m [32mResource[0m[[32mA[0m] { [33mdef[0m [36mroutes[0m = [33mList[0m([32m"GET /"[0m, [32m"POST /"[0m) ++ cols.map([36mc[0m => [32ms"GET /:id/[0m$c[32m"[0m) }
[33m[33m   |[0m    ^[0m
[33m   |[0m   New anonymous class definition will be duplicated at each inline site
[33m   |[0m
[33m   |[0m longer explanation available when compiling with `-explain`
[33m[33m-- [E197] Potential Issue Warning: /tmp/dscale/d8_n5/Typeclasses.scala:61:4 ----[0m[0m
[33m61 |[0m    [33mnew[0m [32mShow[0m[[32mA[0m] { [33mdef[0m [36mshow[0m([36ma[0m: [32mA[0m) = cols.mkString([32m"<"[0m, [32m","[0m, [32m">"[0m) }
[33m[33m   |[0m    ^[0m
[33m   |[0m   New anonymous class definition will be duplicated at each inline site
[33m   |[0m
[33m   |[0m longer explanation available when compiling with `-explain`
[33m[33m-- [E197] Potential Issue Warning: /tmp/dscale/d8_n5/Typeclasses.scala:68:4 ----[0m[0m
[33m68 |[0m    [33mnew[0m [32mJson[0m[[32mA[0m]:
[33m[33m   |[0m    ^[0m
[33m   |[0m   New anonymous class definition will be duplicated at each inline site
[33m   |[0m
[33m   |[0m longer explanation available when compiling with `-explain`
[33m[33m-- [E197] Potential Issue Warning: /tmp/dscale/d8_n5/Typeclasses.scala:78:4 ----[0m[0m
[33m78 |[0m    [33mnew[0m [32mCsv[0m[[32mA[0m] { [33mdef[0m [36mheader[0m = cols.mkString([32m","[0m) }
[33m[33m   |[0m    ^[0m
[33m   |[0m   New anonymous class definition will be duplicated at each inline site
[33m   |[0m
[33m   |[0m longer explanation available when compiling with `-explain`
[33m[33m-- [E197] Potential Issue Warning: /tmp/dscale/d8_n5/Typeclasses.scala:85:4 ----[0m[0m
[33m85 |[0m    [33mnew[0m [32mDiff[0m[[32mA[0m] { [33mdef[0m [36mfields[0m = cols }
[33m[33m   |[0m    ^[0m
[33m   |[0m   New anonymous class definition will be duplicated at each inline site
[33m   |[0m
[33m   |[0m longer explanation available when compiling with `-explain`
MegaPhase{crossVersionChecks  firstTransform  checkReentrant  elimPackagePrefixes  cookComments  checkLoopingImplicits  betaReduce  inlineVals  expandSAMs  elimRepeated  refchecks  dropForMap},run ns = 66509708,idle ns = 0,cpu ns = 65882000,user ns = 63585000,allocated = 10362184,heap at end = 88834968, total allocated = 127615488 
MegaPhase{protectedAccessors  extmethods  uncacheGivenAliases  checkStatic  elimByName  hoistSuperArgs  forwardDepChecks  specializeApplyMethods  tryCatchPatterns  patternMatcher},run ns = 30094708,idle ns = 0,cpu ns = 29571000,user ns = 28512000,allocated = 3828576,heap at end = 93029272, total allocated = 131444064 
MegaPhase{elimOpaque  explicitOuter  explicitSelf  interpolators  dropBreaks},run ns = 8383792,idle ns = 0,cpu ns = 8361000,user ns = 8182000,allocated = 884528,heap at end = 93029272, total allocated = 132328592 
MegaPhase{pruneErasedDefs  uninitialized  inlinePatterns  vcInlineMethods  seqLiterals  intercepted  getters  specializeFunctions  specializeTuples  collectNullableFields  elimOuterSelect  resolveSuper  functionXXLForwarders  paramForwarding  genericTuples  letOverApply  arrayConstructors},run ns = 14142208,idle ns = 0,cpu ns = 14135000,user ns = 13785000,allocated = 1704256,heap at end = 93029272, total allocated = 134032848 
erasure,run ns = 99931917,idle ns = 0,cpu ns = 98442000,user ns = 95520000,allocated = 19504608,heap at end = 114000792, total allocated = 153537456 
MegaPhase{elimErasedValueType  pureStats  vcElideAllocations  etaReduce  arrayApply  elimPolyFunction  tailrec  completeJavaEnums  mixin  lazyVals  memoize  nonLocalReturns  capturedVars},run ns = 71143917,idle ns = 0,cpu ns = 70187000,user ns = 67907000,allocated = 13001088,heap at end = 126583704, total allocated = 166538544 
constructors,run ns = 8482334,idle ns = 0,cpu ns = 8424000,user ns = 8305000,allocated = 713568,heap at end = 126583704, total allocated = 167252112 
Profiler GC reported 6ms
MegaPhase{lambdaLift  elimStaticThis  countOuterAccesses},run ns = 43810208,idle ns = 0,cpu ns = 37434000,user ns = 36852000,allocated = 5587400,heap at end = 39905200, total allocated = 172839512 
MegaPhase{dropOuterAccessors  dropParentRefinements  checkNoSuperThis  flatten  transformWildcards  moveStatic  expandPrivate  restoreScopes  selectStatic  Collect entry points  repeatableAnnotations},run ns = 13934417,idle ns = 0,cpu ns = 13571000,user ns = 13207000,allocated = 1434384,heap at end = 39905200, total allocated = 174273896 
genBCode,run ns = 202394375,idle ns = 0,cpu ns = 200245000,user ns = 189700000,allocated = 30900960,heap at end = 73459632, total allocated = 205174856 
8 warnings found
