WARNING: A terminally deprecated method in sun.misc.Unsafe has been called
WARNING: sun.misc.Unsafe::objectFieldOffset has been called by scala.runtime.LazyVals$ (file:/Users/rcardin/.sdkman/candidates/sbt/1.12.1/bin/sbt-launch.jar)
WARNING: Please consider reporting this to the maintainers of class scala.runtime.LazyVals$
WARNING: sun.misc.Unsafe::objectFieldOffset will be removed in a future release
WARNING: A terminally deprecated method in sun.misc.Unsafe has been called
WARNING: sun.misc.Unsafe::objectFieldOffset has been called by scala.runtime.LazyVals$ (file:/Users/rcardin/.sdkman/candidates/sbt/1.12.1/bin/sbt-launch.jar)
WARNING: Please consider reporting this to the maintainers of class scala.runtime.LazyVals$
WARNING: sun.misc.Unsafe::objectFieldOffset will be removed in a future release
WARNING: A restricted method in java.lang.System has been called
WARNING: java.lang.System::load has been called by org.scalasbt.ipcsocket.NativeLoader in an unnamed module (file:/Users/rcardin/.sbt/boot/scala-2.12.20/org.scala-sbt/sbt/1.11.7/ipcsocket-1.6.3.jar)
WARNING: Use --enable-native-access=ALL-UNNAMED to avoid a warning for callers in this module
WARNING: Restricted methods will be blocked in a future release unless native access is enabled

[info] welcome to sbt 1.11.7 (Eclipse Adoptium Java 26)
[info] loading project definition from /private/tmp/eezo-zinc-lab/project
[info] loading settings for project root from build.sbt...
[info] set current project to root (in build file:/private/tmp/eezo-zinc-lab/)
[info] Executing in batch mode. For better performance use sbt's shell
[debug] [zinc] IncrementalCompile -----------
[debug] IncrementalCompile.incrementalCompile
[debug] previous = Stamps for: 57 products, 22 sources, 2 libraries
[debug] current source = Set(${BASE}/src/main/scala/app/Named1.scala, ${BASE}/src/main/scala/app/Unrelated4.scala, ${BASE}/src/main/scala/app/Unrelated5.scala, ${BASE}/src/main/scala/app/Consumer3.scala, ${BASE}/src/main/scala/app/Unrelated6.scala, ${BASE}/src/main/scala/model/User.scala, ${BASE}/src/main/scala/model/Typeclasses.scala, ${BASE}/src/main/scala/app/Consumer0.scala, ${BASE}/src/main/scala/app/Consumer1.scala, ${BASE}/src/main/scala/app/Named2.scala, ${BASE}/src/main/scala/app/Consumer2.scala, ${BASE}/src/main/scala/app/Named4.scala, ${BASE}/src/main/scala/app/Unrelated0.scala, ${BASE}/src/main/scala/app/Consumer5.scala, ${BASE}/src/main/scala/app/Unrelated7.scala, ${BASE}/src/main/scala/app/Consumer4.scala, ${BASE}/src/main/scala/app/Named3.scala, ${BASE}/src/main/scala/app/Unrelated1.scala, ${BASE}/src/main/scala/app/Unrelated3.scala, ${BASE}/src/main/scala/app/Unrelated2.scala, ${BASE}/src/main/scala/app/Named0.scala, ${BASE}/src/main/scala/app/Named5.scala)
[debug] > initialChanges = InitialChanges(Changes(added = Set(), removed = Set(), changed = Set(${BASE}/src/main/scala/model/User.scala), unmodified = ...),Set(),Set(),API Changes: Set())
[debug] 
[debug] Initial source changes:
[debug] 	removed: Set()
[debug] 	added: Set()
[debug] 	modified: Set(${BASE}/src/main/scala/model/User.scala)
[debug] Invalidated products: Set()
[debug] External API changes: API Changes: Set()
[debug] Modified binary dependencies: Set()
[debug] Initial directly invalidated classes: Set(model.User)
[debug] Sources indirectly invalidated by:
[debug] 	product: Set()
[debug] 	binary dep: Set()
[debug] 	external source: Set()
[debug] All initially invalidated classes: Set(model.User)
[debug] All initially invalidated sources:Set(${BASE}/src/main/scala/model/User.scala)
[debug] Created transactional ClassFileManager with tempDir = /private/tmp/eezo-zinc-lab/target/scala-3.7.3/classes.bak
[debug] Initial set of included nodes: model.User
[debug] About to delete class files:
[debug] 	User$$anon$4.class
[debug] 	User$$anon$1.class
[debug] 	User$$anon$3.class
[debug] 	User$.class
[debug] 	User$$anon$2.class
[debug] 	User.class
[debug] 	User$$anon$4.tasty
[debug] 	User$$anon$1.tasty
[debug] 	User$$anon$3.tasty
[debug] 	User$.tasty
[debug] 	User$$anon$2.tasty
[debug] 	User.tasty
[debug] We backup class files:
[debug] 	User$$anon$4.class
[debug] 	User$$anon$1.class
[debug] 	User$$anon$3.class
[debug] 	User$.class
[debug] 	User$$anon$2.class
[debug] 	User.class
[debug] 	User$$anon$4.tasty
[debug] 	User$$anon$1.tasty
[debug] 	User$$anon$3.tasty
[debug] 	User$.tasty
[debug] 	User$$anon$2.tasty
[debug] 	User.tasty
[debug] compilation cycle 1
[info] compiling 1 Scala source to /private/tmp/eezo-zinc-lab/target/scala-3.7.3/classes ...
[debug] Returning already retrieved and compiled bridge: /Users/rcardin/Library/Caches/Coursier/v1/https/repo1.maven.org/maven2/org/scala-lang/scala3-sbt-bridge/3.7.3/scala3-sbt-bridge-3.7.3.jar.
[debug] [zinc] Running cached compiler 428fc360 for Scala Compiler version 3.7.3
[debug] [zinc] The Scala compiler is invoked with:
[debug] 	-classpath
[debug] 	/private/tmp/eezo-zinc-lab/target/scala-3.7.3/classes:/Users/rcardin/Library/Caches/Coursier/v1/https/repo1.maven.org/maven2/org/scala-lang/scala3-library_3/3.7.3/scala3-library_3-3.7.3.jar:/Users/rcardin/Library/Caches/Coursier/v1/https/repo1.maven.org/maven2/org/scala-lang/scala-library/2.13.16/scala-library-2.13.16.jar
[debug] Scala compilation took 1.400992208 s
[info] done compiling
[debug] Registering generated classes:
[debug] 	User$$anon$4.class
[debug] 	User$$anon$1.class
[debug] 	User$$anon$3.class
[debug] 	User$.class
[debug] 	User$$anon$2.class
[debug] 	User.class
[debug] 	User$$anon$4.tasty
[debug] 	User$$anon$1.tasty
[debug] 	User$$anon$3.tasty
[debug] 	User$.tasty
[debug] 	User$$anon$2.tasty
[debug] 	User.tasty
[debug] Invalidating (transitively) by inheritance from model.User...
[debug] Initial set of included nodes: model.User
[debug] Invalidated by transitive inheritance dependency: Set(model.User)
[debug] The following modified names cause invalidation of app.Named3: [UsedName(name,[Default])]
[debug] None of the modified names appears in source file of app.Consumer4. This dependency is not being considered for invalidation.
[debug] None of the modified names appears in source file of app.Consumer3. This dependency is not being considered for invalidation.
[debug] The following modified names cause invalidation of app.Named5: [UsedName(name,[Default])]
[debug] The following modified names cause invalidation of app.Named2: [UsedName(name,[Default])]
[debug] None of the modified names appears in source file of app.Consumer2. This dependency is not being considered for invalidation.
[debug] None of the modified names appears in source file of app.Consumer5. This dependency is not being considered for invalidation.
[debug] The following modified names cause invalidation of app.Named1: [UsedName(name,[Default])]
[debug] None of the modified names appears in source file of app.Consumer1. This dependency is not being considered for invalidation.
[debug] The following modified names cause invalidation of app.Named4: [UsedName(name,[Default])]
[debug] None of the modified names appears in source file of app.Consumer0. This dependency is not being considered for invalidation.
[debug] The following modified names cause invalidation of app.Named0: [UsedName(name,[Default])]
[debug] Change NamesChange(model.User,ModifiedNames(changes = UsedName(fullName,[Default]), UsedName(model;User;init;,[Default]), UsedName(copy,[Default]), UsedName(name,[Default]), UsedName(apply,[Default]))) invalidates 7 classes due to The model.User has the following regular definitions changed:
[debug] 	UsedName(fullName,[Default]), UsedName(model;User;init;,[Default]), UsedName(copy,[Default]), UsedName(name,[Default]), UsedName(apply,[Default]).
[debug]   > by transitive inheritance: Set(model.User)
[debug]   > 
[debug]   > by member reference: Set(app.Named3, app.Named5, app.Named2, app.Named1, app.Named4, app.Named0)
[debug]   > 
[debug]         
[debug] New invalidations:
[debug] 	app.Named3
[debug] 	app.Named5
[debug] 	app.Named2
[debug] 	app.Named1
[debug] 	app.Named4
[debug] 	app.Named0
[debug] Initial set of included nodes: app.Named3, app.Named5, app.Named2, app.Named1, app.Named4, app.Named0
[debug] Previously invalidated, but (transitively) depend on new invalidations:
[debug] Final step, transitive dependencies:
[debug] 	Set(app.Named3, app.Named5, app.Named2, app.Named1, app.Named4, app.Named0)
[debug] Initial set of included nodes: model.User
[debug] Including app.Named3 by model.User
[debug] Including app.Consumer4 by model.User
[debug] Including app.Consumer3 by model.User
[debug] Including app.Named5 by model.User
[debug] Including app.Named2 by model.User
[debug] Including app.Consumer2 by model.User
[debug] Including app.Consumer5 by model.User
[debug] Including app.Named1 by model.User
[debug] Including app.Consumer1 by model.User
[debug] Including app.Named4 by model.User
[debug] Including app.Consumer0 by model.User
[debug] Including app.Named0 by model.User
[debug] Invalidated macros due to upstream dependencies change: Set()
[debug] Initial set of included nodes: app.Named3, app.Named5, app.Named2, app.Named1, app.Named4, app.Named0
[debug] About to delete class files:
[debug] 	Named2$.class
[debug] 	Named3$.class
[debug] 	Named3.class
[debug] 	Named0.class
[debug] 	Named5$.class
[debug] 	Named1.class
[debug] 	Named1$.class
[debug] 	Named2.class
[debug] 	Named5.class
[debug] 	Named0$.class
[debug] 	Named4.class
[debug] 	Named4$.class
[debug] 	Named2$.tasty
[debug] 	Named3$.tasty
[debug] 	Named3.tasty
[debug] 	Named0.tasty
[debug] 	Named5$.tasty
[debug] 	Named1.tasty
[debug] 	Named1$.tasty
[debug] 	Named2.tasty
[debug] 	Named5.tasty
[debug] 	Named0$.tasty
[debug] 	Named4.tasty
[debug] 	Named4$.tasty
[debug] We backup class files:
[debug] 	Named2$.class
[debug] 	Named3$.class
[debug] 	Named3.class
[debug] 	Named0.class
[debug] 	Named5$.class
[debug] 	Named1.class
[debug] 	Named1$.class
[debug] 	Named2.class
[debug] 	Named5.class
[debug] 	Named0$.class
[debug] 	Named4.class
[debug] 	Named4$.class
[debug] 	Named2$.tasty
[debug] 	Named3$.tasty
[debug] 	Named3.tasty
[debug] 	Named0.tasty
[debug] 	Named5$.tasty
[debug] 	Named1.tasty
[debug] 	Named1$.tasty
[debug] 	Named2.tasty
[debug] 	Named5.tasty
[debug] 	Named0$.tasty
[debug] 	Named4.tasty
[debug] 	Named4$.tasty
[debug] compilation cycle 2
[info] compiling 6 Scala sources to /private/tmp/eezo-zinc-lab/target/scala-3.7.3/classes ...
[debug] Returning already retrieved and compiled bridge: /Users/rcardin/Library/Caches/Coursier/v1/https/repo1.maven.org/maven2/org/scala-lang/scala3-sbt-bridge/3.7.3/scala3-sbt-bridge-3.7.3.jar.
[debug] [zinc] Running cached compiler 460c4689 for Scala Compiler version 3.7.3
[debug] [zinc] The Scala compiler is invoked with:
[debug] 	-classpath
[debug] 	/private/tmp/eezo-zinc-lab/target/scala-3.7.3/classes:/Users/rcardin/Library/Caches/Coursier/v1/https/repo1.maven.org/maven2/org/scala-lang/scala3-library_3/3.7.3/scala3-library_3-3.7.3.jar:/Users/rcardin/Library/Caches/Coursier/v1/https/repo1.maven.org/maven2/org/scala-lang/scala-library/2.13.16/scala-library-2.13.16.jar
[error] -- [E008] Not Found Error: /private/tmp/eezo-zinc-lab/src/main/scala/app/Named0.scala:4:32 
[error] 4 |  def name(u: User): String = u.name
[error]   |                              ^^^^^^
[error]   |                              value name is not a member of model.User
[error] -- [E008] Not Found Error: /private/tmp/eezo-zinc-lab/src/main/scala/app/Named1.scala:4:32 
[error] 4 |  def name(u: User): String = u.name
[error]   |                              ^^^^^^
[error]   |                              value name is not a member of model.User
[error] -- [E008] Not Found Error: /private/tmp/eezo-zinc-lab/src/main/scala/app/Named2.scala:4:32 
[error] 4 |  def name(u: User): String = u.name
[error]   |                              ^^^^^^
[error]   |                              value name is not a member of model.User
[error] -- [E008] Not Found Error: /private/tmp/eezo-zinc-lab/src/main/scala/app/Named3.scala:4:32 
[error] 4 |  def name(u: User): String = u.name
[error]   |                              ^^^^^^
[error]   |                              value name is not a member of model.User
[error] -- [E008] Not Found Error: /private/tmp/eezo-zinc-lab/src/main/scala/app/Named4.scala:4:32 
[error] 4 |  def name(u: User): String = u.name
[error]   |                              ^^^^^^
[error]   |                              value name is not a member of model.User
[error] -- [E008] Not Found Error: /private/tmp/eezo-zinc-lab/src/main/scala/app/Named5.scala:4:32 
[error] 4 |  def name(u: User): String = u.name
[error]   |                              ^^^^^^
[error]   |                              value name is not a member of model.User
[error] 6 errors found
[debug] Compilation failed
[debug] Rolling back changes to class files.
[debug] Removing generated classes:
[debug] 	User$$anon$2.tasty
[debug] 	User.tasty
[debug] 	User$$anon$3.tasty
[debug] 	User$$anon$4.class
[debug] 	User$.tasty
[debug] 	User$$anon$1.tasty
[debug] 	User$$anon$3.class
[debug] 	User$$anon$1.class
[debug] 	User$$anon$2.class
[debug] 	User$$anon$4.tasty
[debug] 	User.class
[debug] 	User$.class
[debug] Restoring class files: 
[debug] 	Named2.class
[debug] 	Named4.tasty
[debug] 	Named4$.class
[debug] 	Named0.tasty
[debug] 	User$$anon$2.class
[debug] 	Named0.class
[debug] 	Named0$.class
[debug] 	User$.class
[debug] 	Named1.class
[debug] 	Named4.class
[debug] 	Named5.class
[debug] 	Named1$.class
[debug] 	User$$anon$4.class
[debug] 	Named3$.class
[debug] 	Named2$.class
[debug] 	Named2.tasty
[debug] 	User.tasty
[debug] 	Named1.tasty
[debug] 	Named3.class
[debug] 	User$$anon$3.class
[debug] 	User$$anon$1.class
[debug] 	Named5$.class
[debug] 	Named5.tasty
[debug] 	User.class
[debug] 	Named3.tasty
[debug] Removing the temporary directory used for backing up class files: /private/tmp/eezo-zinc-lab/target/scala-3.7.3/classes.bak
[error] (Compile / compileIncremental) Compilation failed
[error] Total time: 2 s, completed 26 lug 2026, 20:29:08
