WARNING: A terminally deprecated method in sun.misc.Unsafe has been called
WARNING: sun.misc.Unsafe::objectFieldOffset has been called by scala.runtime.LazyVals$ (file:/Users/rcardin/.sdkman/candidates/sbt/1.12.1/bin/sbt-launch.jar)
WARNING: Please consider reporting this to the maintainers of class scala.runtime.LazyVals$
WARNING: sun.misc.Unsafe::objectFieldOffset will be removed in a future release
WARNING: A terminally deprecated method in sun.misc.Unsafe has been called
WARNING: sun.misc.Unsafe::objectFieldOffset has been called by scala.runtime.LazyVals$ (file:/Users/rcardin/.sdkman/candidates/sbt/1.12.1/bin/sbt-launch.jar)
WARNING: Please consider reporting this to the maintainers of class scala.runtime.LazyVals$
WARNING: sun.misc.Unsafe::objectFieldOffset will be removed in a future release
WARNING: A restricted method in java.lang.System has been called
WARNING: java.lang.System::load has been called by org.scalasbt.ipcsocket.NativeLoader in an unnamed module (file:/Users/rcardin/.sbt/boot/scala-2.12.21/org.scala-sbt/sbt/1.12.1/ipcsocket-1.6.3.jar)
WARNING: Use --enable-native-access=ALL-UNNAMED to avoid a warning for callers in this module
WARNING: Restricted methods will be blocked in a future release unless native access is enabled

[info] welcome to sbt 1.12.1 (Eclipse Adoptium Java 26)
[info] loading project definition from /private/tmp/eezo-zinc-lab/scale-derives1/project
[info] loading settings for project root from build.sbt...
[info] set current project to root (in build file:/private/tmp/eezo-zinc-lab/scale-derives1/)
[success] Total time: 0 s, completed 27 lug 2026, 09:36:14
===LAB-BEGIN	clean_build
[info] compiling 204 Scala sources to /private/tmp/eezo-zinc-lab/scale-derives1/target/scala-3.8.4/classes ...
[warn] -- [E197] Potential Issue Warning: /private/tmp/eezo-zinc-lab/scale-derives1/src/main/scala/model/Typeclasses.scala:26:4 
[warn] 26 |    new Codec[A]:
[warn]    |    ^
[warn]    |   New anonymous class definition will be duplicated at each inline site
[warn]    |
[warn]    | longer explanation available when compiling with `-explain`
[warn] -- [E197] Potential Issue Warning: /private/tmp/eezo-zinc-lab/scale-derives1/src/main/scala/model/Typeclasses.scala:40:4 
[warn] 40 |    new Table[A] { def columns = cols }
[warn]    |    ^
[warn]    |   New anonymous class definition will be duplicated at each inline site
[warn]    |
[warn]    | longer explanation available when compiling with `-explain`
[warn] -- [E197] Potential Issue Warning: /private/tmp/eezo-zinc-lab/scale-derives1/src/main/scala/model/Typeclasses.scala:47:4 
[warn] 47 |    new Form[A] { def html = cols.map(c => s"<input name='$c'>").mkString }
[warn]    |    ^
[warn]    |   New anonymous class definition will be duplicated at each inline site
[warn]    |
[warn]    | longer explanation available when compiling with `-explain`
[warn] -- [E197] Potential Issue Warning: /private/tmp/eezo-zinc-lab/scale-derives1/src/main/scala/model/Typeclasses.scala:54:4 
[warn] 54 |    new Resource[A] { def routes = List("GET /", "POST /") ++ cols.map(c => s"GET /:id/$c") }
[warn]    |    ^
[warn]    |   New anonymous class definition will be duplicated at each inline site
[warn]    |
[warn]    | longer explanation available when compiling with `-explain`
[warn] -- [E197] Potential Issue Warning: /private/tmp/eezo-zinc-lab/scale-derives1/src/main/scala/model/Typeclasses.scala:61:4 
[warn] 61 |    new Show[A] { def show(a: A) = cols.mkString("<", ",", ">") }
[warn]    |    ^
[warn]    |   New anonymous class definition will be duplicated at each inline site
[warn]    |
[warn]    | longer explanation available when compiling with `-explain`
[warn] 5 warnings found
[info] done compiling
===LAB-TIMED	clean_build	2682722
edit applied: reset
===LAB-BEGIN	settle_touch_mtime_r1
===LAB-TIMED	settle_touch_mtime_r1	30093
edit applied: touch_mtime
===LAB-BEGIN	touch_mtime_r1
===LAB-TIMED	touch_mtime_r1	24983
edit applied: reset
===LAB-BEGIN	settle_comment_r1
===LAB-TIMED	settle_comment_r1	23750
edit applied: comment
===LAB-BEGIN	comment_r1
[info] compiling 1 Scala source to /private/tmp/eezo-zinc-lab/scale-derives1/target/scala-3.8.4/classes ...
[info] done compiling
===LAB-TIMED	comment_r1	291381
edit applied: reset
===LAB-BEGIN	settle_method_body_r1
[info] compiling 1 Scala source to /private/tmp/eezo-zinc-lab/scale-derives1/target/scala-3.8.4/classes ...
[info] done compiling
===LAB-TIMED	settle_method_body_r1	210454
edit applied: method_body
===LAB-BEGIN	method_body_r1
[info] compiling 1 Scala source to /private/tmp/eezo-zinc-lab/scale-derives1/target/scala-3.8.4/classes ...
[info] done compiling
===LAB-TIMED	method_body_r1	190011
edit applied: reset
===LAB-BEGIN	settle_add_field_r1
[info] compiling 1 Scala source to /private/tmp/eezo-zinc-lab/scale-derives1/target/scala-3.8.4/classes ...
[info] done compiling
===LAB-TIMED	settle_add_field_r1	174468
edit applied: add_field
===LAB-BEGIN	add_field_r1
[info] compiling 1 Scala source to /private/tmp/eezo-zinc-lab/scale-derives1/target/scala-3.8.4/classes ...
[info] done compiling
===LAB-TIMED	add_field_r1	165209
edit applied: reset
===LAB-BEGIN	settle_rename_unused_r1
[info] compiling 1 Scala source to /private/tmp/eezo-zinc-lab/scale-derives1/target/scala-3.8.4/classes ...
[info] done compiling
===LAB-TIMED	settle_rename_unused_r1	154458
edit applied: rename_unused
===LAB-BEGIN	rename_unused_r1
[info] compiling 1 Scala source to /private/tmp/eezo-zinc-lab/scale-derives1/target/scala-3.8.4/classes ...
[info] done compiling
===LAB-TIMED	rename_unused_r1	161682
edit applied: reset
===LAB-BEGIN	settle_rename_used_r1
[info] compiling 1 Scala source to /private/tmp/eezo-zinc-lab/scale-derives1/target/scala-3.8.4/classes ...
[info] done compiling
===LAB-TIMED	settle_rename_used_r1	164078
edit applied: rename_used
===LAB-BEGIN	rename_used_r1
[info] compiling 51 Scala sources to /private/tmp/eezo-zinc-lab/scale-derives1/target/scala-3.8.4/classes ...
[info] done compiling
===LAB-TIMED	rename_used_r1	302890
edit applied: reset
===LAB-BEGIN	settle_field_type_r1
[info] compiling 51 Scala sources to /private/tmp/eezo-zinc-lab/scale-derives1/target/scala-3.8.4/classes ...
[info] done compiling
===LAB-TIMED	settle_field_type_r1	283229
edit applied: field_type
===LAB-BEGIN	field_type_r1
[info] compiling 1 Scala source to /private/tmp/eezo-zinc-lab/scale-derives1/target/scala-3.8.4/classes ...
[info] done compiling
===LAB-TIMED	field_type_r1	135409
edit applied: reset
===LAB-BEGIN	settle_add_derive_r1
[info] compiling 1 Scala source to /private/tmp/eezo-zinc-lab/scale-derives1/target/scala-3.8.4/classes ...
[info] done compiling
===LAB-TIMED	settle_add_derive_r1	127568
edit applied: add_derive
===LAB-BEGIN	add_derive_r1
===LAB-TIMED	add_derive_r1	17840
edit applied: reset
===LAB-BEGIN	settle_drop_derive_r1
===LAB-TIMED	settle_drop_derive_r1	17078
edit applied: drop_derive
===LAB-BEGIN	drop_derive_r1
===LAB-TIMED	drop_derive_r1	16448
edit applied: reset
===LAB-BEGIN	settle_order_add_field_r1
===LAB-TIMED	settle_order_add_field_r1	15413
edit applied: order_add_field
===LAB-BEGIN	order_add_field_r1
[info] compiling 1 Scala source to /private/tmp/eezo-zinc-lab/scale-derives1/target/scala-3.8.4/classes ...
[info] done compiling
[info] compiling 1 Scala source to /private/tmp/eezo-zinc-lab/scale-derives1/target/scala-3.8.4/classes ...
[info] done compiling
===LAB-TIMED	order_add_field_r1	224631
edit applied: reset
===LAB-BEGIN	settle_inline_body_r1
[info] compiling 1 Scala source to /private/tmp/eezo-zinc-lab/scale-derives1/target/scala-3.8.4/classes ...
[info] done compiling
[info] compiling 1 Scala source to /private/tmp/eezo-zinc-lab/scale-derives1/target/scala-3.8.4/classes ...
[info] done compiling
===LAB-TIMED	settle_inline_body_r1	208164
edit applied: inline_body
===LAB-BEGIN	inline_body_r1
[info] compiling 1 Scala source to /private/tmp/eezo-zinc-lab/scale-derives1/target/scala-3.8.4/classes ...
[warn] -- [E197] Potential Issue Warning: /private/tmp/eezo-zinc-lab/scale-derives1/src/main/scala/model/Typeclasses.scala:26:4 
[warn] 26 |    new Codec[A]:
[warn]    |    ^
[warn]    |   New anonymous class definition will be duplicated at each inline site
[warn]    |
[warn]    | longer explanation available when compiling with `-explain`
[warn] -- [E197] Potential Issue Warning: /private/tmp/eezo-zinc-lab/scale-derives1/src/main/scala/model/Typeclasses.scala:40:4 
[warn] 40 |    new Table[A] { def columns = cols }
[warn]    |    ^
[warn]    |   New anonymous class definition will be duplicated at each inline site
[warn]    |
[warn]    | longer explanation available when compiling with `-explain`
[warn] -- [E197] Potential Issue Warning: /private/tmp/eezo-zinc-lab/scale-derives1/src/main/scala/model/Typeclasses.scala:47:4 
[warn] 47 |    new Form[A] { def html = cols.map(c => s"<input name='$c'>").mkString }
[warn]    |    ^
[warn]    |   New anonymous class definition will be duplicated at each inline site
[warn]    |
[warn]    | longer explanation available when compiling with `-explain`
[warn] -- [E197] Potential Issue Warning: /private/tmp/eezo-zinc-lab/scale-derives1/src/main/scala/model/Typeclasses.scala:54:4 
[warn] 54 |    new Resource[A] { def routes = List("GET /", "POST /") ++ cols.map(c => s"GET /:id/$c") }
[warn]    |    ^
[warn]    |   New anonymous class definition will be duplicated at each inline site
[warn]    |
[warn]    | longer explanation available when compiling with `-explain`
[warn] -- [E197] Potential Issue Warning: /private/tmp/eezo-zinc-lab/scale-derives1/src/main/scala/model/Typeclasses.scala:61:4 
[warn] 61 |    new Show[A] { def show(a: A) = cols.mkString("<", ",", ">") }
[warn]    |    ^
[warn]    |   New anonymous class definition will be duplicated at each inline site
[warn]    |
[warn]    | longer explanation available when compiling with `-explain`
[warn] 5 warnings found
[info] done compiling
[info] compiling 3 Scala sources to /private/tmp/eezo-zinc-lab/scale-derives1/target/scala-3.8.4/classes ...
[warn] 5 warnings found
[info] done compiling
===LAB-TIMED	inline_body_r1	293989
edit applied: reset
===LAB-BEGIN	settle_noninline_body_r1
[info] compiling 1 Scala source to /private/tmp/eezo-zinc-lab/scale-derives1/target/scala-3.8.4/classes ...
[warn] -- [E197] Potential Issue Warning: /private/tmp/eezo-zinc-lab/scale-derives1/src/main/scala/model/Typeclasses.scala:26:4 
[warn] 26 |    new Codec[A]:
[warn]    |    ^
[warn]    |   New anonymous class definition will be duplicated at each inline site
[warn]    |
[warn]    | longer explanation available when compiling with `-explain`
[warn] -- [E197] Potential Issue Warning: /private/tmp/eezo-zinc-lab/scale-derives1/src/main/scala/model/Typeclasses.scala:40:4 
[warn] 40 |    new Table[A] { def columns = cols }
[warn]    |    ^
[warn]    |   New anonymous class definition will be duplicated at each inline site
[warn]    |
[warn]    | longer explanation available when compiling with `-explain`
[warn] -- [E197] Potential Issue Warning: /private/tmp/eezo-zinc-lab/scale-derives1/src/main/scala/model/Typeclasses.scala:47:4 
[warn] 47 |    new Form[A] { def html = cols.map(c => s"<input name='$c'>").mkString }
[warn]    |    ^
[warn]    |   New anonymous class definition will be duplicated at each inline site
[warn]    |
[warn]    | longer explanation available when compiling with `-explain`
[warn] -- [E197] Potential Issue Warning: /private/tmp/eezo-zinc-lab/scale-derives1/src/main/scala/model/Typeclasses.scala:54:4 
[warn] 54 |    new Resource[A] { def routes = List("GET /", "POST /") ++ cols.map(c => s"GET /:id/$c") }
[warn]    |    ^
[warn]    |   New anonymous class definition will be duplicated at each inline site
[warn]    |
[warn]    | longer explanation available when compiling with `-explain`
[warn] -- [E197] Potential Issue Warning: /private/tmp/eezo-zinc-lab/scale-derives1/src/main/scala/model/Typeclasses.scala:61:4 
[warn] 61 |    new Show[A] { def show(a: A) = cols.mkString("<", ",", ">") }
[warn]    |    ^
[warn]    |   New anonymous class definition will be duplicated at each inline site
[warn]    |
[warn]    | longer explanation available when compiling with `-explain`
[warn] 5 warnings found
[info] done compiling
[info] compiling 3 Scala sources to /private/tmp/eezo-zinc-lab/scale-derives1/target/scala-3.8.4/classes ...
[warn] 5 warnings found
[info] done compiling
===LAB-TIMED	settle_noninline_body_r1	261280
edit applied: noninline_body
===LAB-BEGIN	noninline_body_r1
[info] compiling 1 Scala source to /private/tmp/eezo-zinc-lab/scale-derives1/target/scala-3.8.4/classes ...
[warn] -- [E197] Potential Issue Warning: /private/tmp/eezo-zinc-lab/scale-derives1/src/main/scala/model/Typeclasses.scala:26:4 
[warn] 26 |    new Codec[A]:
[warn]    |    ^
[warn]    |   New anonymous class definition will be duplicated at each inline site
[warn]    |
[warn]    | longer explanation available when compiling with `-explain`
[warn] -- [E197] Potential Issue Warning: /private/tmp/eezo-zinc-lab/scale-derives1/src/main/scala/model/Typeclasses.scala:40:4 
[warn] 40 |    new Table[A] { def columns = cols }
[warn]    |    ^
[warn]    |   New anonymous class definition will be duplicated at each inline site
[warn]    |
[warn]    | longer explanation available when compiling with `-explain`
[warn] -- [E197] Potential Issue Warning: /private/tmp/eezo-zinc-lab/scale-derives1/src/main/scala/model/Typeclasses.scala:47:4 
[warn] 47 |    new Form[A] { def html = cols.map(c => s"<input name='$c'>").mkString }
[warn]    |    ^
[warn]    |   New anonymous class definition will be duplicated at each inline site
[warn]    |
[warn]    | longer explanation available when compiling with `-explain`
[warn] -- [E197] Potential Issue Warning: /private/tmp/eezo-zinc-lab/scale-derives1/src/main/scala/model/Typeclasses.scala:54:4 
[warn] 54 |    new Resource[A] { def routes = List("GET /", "POST /") ++ cols.map(c => s"GET /:id/$c") }
[warn]    |    ^
[warn]    |   New anonymous class definition will be duplicated at each inline site
[warn]    |
[warn]    | longer explanation available when compiling with `-explain`
[warn] -- [E197] Potential Issue Warning: /private/tmp/eezo-zinc-lab/scale-derives1/src/main/scala/model/Typeclasses.scala:61:4 
[warn] 61 |    new Show[A] { def show(a: A) = cols.mkString("<", ",", ">") }
[warn]    |    ^
[warn]    |   New anonymous class definition will be duplicated at each inline site
[warn]    |
[warn]    | longer explanation available when compiling with `-explain`
[warn] 5 warnings found
[info] done compiling
===LAB-TIMED	noninline_body_r1	116771
edit applied: reset
===LAB-BEGIN	settle_unrelated_body_r1
[info] compiling 1 Scala source to /private/tmp/eezo-zinc-lab/scale-derives1/target/scala-3.8.4/classes ...
[warn] -- [E197] Potential Issue Warning: /private/tmp/eezo-zinc-lab/scale-derives1/src/main/scala/model/Typeclasses.scala:26:4 
[warn] 26 |    new Codec[A]:
[warn]    |    ^
[warn]    |   New anonymous class definition will be duplicated at each inline site
[warn]    |
[warn]    | longer explanation available when compiling with `-explain`
[warn] -- [E197] Potential Issue Warning: /private/tmp/eezo-zinc-lab/scale-derives1/src/main/scala/model/Typeclasses.scala:40:4 
[warn] 40 |    new Table[A] { def columns = cols }
[warn]    |    ^
[warn]    |   New anonymous class definition will be duplicated at each inline site
[warn]    |
[warn]    | longer explanation available when compiling with `-explain`
[warn] -- [E197] Potential Issue Warning: /private/tmp/eezo-zinc-lab/scale-derives1/src/main/scala/model/Typeclasses.scala:47:4 
[warn] 47 |    new Form[A] { def html = cols.map(c => s"<input name='$c'>").mkString }
[warn]    |    ^
[warn]    |   New anonymous class definition will be duplicated at each inline site
[warn]    |
[warn]    | longer explanation available when compiling with `-explain`
[warn] -- [E197] Potential Issue Warning: /private/tmp/eezo-zinc-lab/scale-derives1/src/main/scala/model/Typeclasses.scala:54:4 
[warn] 54 |    new Resource[A] { def routes = List("GET /", "POST /") ++ cols.map(c => s"GET /:id/$c") }
[warn]    |    ^
[warn]    |   New anonymous class definition will be duplicated at each inline site
[warn]    |
[warn]    | longer explanation available when compiling with `-explain`
[warn] -- [E197] Potential Issue Warning: /private/tmp/eezo-zinc-lab/scale-derives1/src/main/scala/model/Typeclasses.scala:61:4 
[warn] 61 |    new Show[A] { def show(a: A) = cols.mkString("<", ",", ">") }
[warn]    |    ^
[warn]    |   New anonymous class definition will be duplicated at each inline site
[warn]    |
[warn]    | longer explanation available when compiling with `-explain`
[warn] 5 warnings found
[info] done compiling
===LAB-TIMED	settle_unrelated_body_r1	113281
edit applied: unrelated_body
===LAB-BEGIN	unrelated_body_r1
[info] compiling 1 Scala source to /private/tmp/eezo-zinc-lab/scale-derives1/target/scala-3.8.4/classes ...
[info] done compiling
===LAB-TIMED	unrelated_body_r1	72242
edit applied: reset
===LAB-BEGIN	settle_consumer_body_r1
[info] compiling 1 Scala source to /private/tmp/eezo-zinc-lab/scale-derives1/target/scala-3.8.4/classes ...
[info] done compiling
===LAB-TIMED	settle_consumer_body_r1	72508
edit applied: consumer_body
===LAB-BEGIN	consumer_body_r1
[info] compiling 1 Scala source to /private/tmp/eezo-zinc-lab/scale-derives1/target/scala-3.8.4/classes ...
[info] done compiling
===LAB-TIMED	consumer_body_r1	85855
edit applied: reset
===LAB-BEGIN	settle_touch_mtime_r2
[info] compiling 1 Scala source to /private/tmp/eezo-zinc-lab/scale-derives1/target/scala-3.8.4/classes ...
[info] done compiling
===LAB-TIMED	settle_touch_mtime_r2	81479
edit applied: touch_mtime
===LAB-BEGIN	touch_mtime_r2
===LAB-TIMED	touch_mtime_r2	16787
edit applied: reset
===LAB-BEGIN	settle_comment_r2
===LAB-TIMED	settle_comment_r2	13635
edit applied: comment
===LAB-BEGIN	comment_r2
[info] compiling 1 Scala source to /private/tmp/eezo-zinc-lab/scale-derives1/target/scala-3.8.4/classes ...
[info] done compiling
===LAB-TIMED	comment_r2	120666
edit applied: reset
===LAB-BEGIN	settle_method_body_r2
[info] compiling 1 Scala source to /private/tmp/eezo-zinc-lab/scale-derives1/target/scala-3.8.4/classes ...
[info] done compiling
===LAB-TIMED	settle_method_body_r2	107031
edit applied: method_body
===LAB-BEGIN	method_body_r2
[info] compiling 1 Scala source to /private/tmp/eezo-zinc-lab/scale-derives1/target/scala-3.8.4/classes ...
[info] done compiling
===LAB-TIMED	method_body_r2	108282
edit applied: reset
===LAB-BEGIN	settle_add_field_r2
[info] compiling 1 Scala source to /private/tmp/eezo-zinc-lab/scale-derives1/target/scala-3.8.4/classes ...
[info] done compiling
===LAB-TIMED	settle_add_field_r2	106501
edit applied: add_field
===LAB-BEGIN	add_field_r2
[info] compiling 1 Scala source to /private/tmp/eezo-zinc-lab/scale-derives1/target/scala-3.8.4/classes ...
[info] done compiling
===LAB-TIMED	add_field_r2	111219
edit applied: reset
===LAB-BEGIN	settle_rename_unused_r2
[info] compiling 1 Scala source to /private/tmp/eezo-zinc-lab/scale-derives1/target/scala-3.8.4/classes ...
[info] done compiling
===LAB-TIMED	settle_rename_unused_r2	106959
edit applied: rename_unused
===LAB-BEGIN	rename_unused_r2
[info] compiling 1 Scala source to /private/tmp/eezo-zinc-lab/scale-derives1/target/scala-3.8.4/classes ...
[info] done compiling
===LAB-TIMED	rename_unused_r2	109945
edit applied: reset
===LAB-BEGIN	settle_rename_used_r2
[info] compiling 1 Scala source to /private/tmp/eezo-zinc-lab/scale-derives1/target/scala-3.8.4/classes ...
[info] done compiling
===LAB-TIMED	settle_rename_used_r2	104698
edit applied: rename_used
===LAB-BEGIN	rename_used_r2
[info] compiling 51 Scala sources to /private/tmp/eezo-zinc-lab/scale-derives1/target/scala-3.8.4/classes ...
[info] done compiling
===LAB-TIMED	rename_used_r2	239248
edit applied: reset
===LAB-BEGIN	settle_field_type_r2
[info] compiling 51 Scala sources to /private/tmp/eezo-zinc-lab/scale-derives1/target/scala-3.8.4/classes ...
[info] done compiling
===LAB-TIMED	settle_field_type_r2	208949
edit applied: field_type
===LAB-BEGIN	field_type_r2
[info] compiling 1 Scala source to /private/tmp/eezo-zinc-lab/scale-derives1/target/scala-3.8.4/classes ...
[info] done compiling
===LAB-TIMED	field_type_r2	111750
edit applied: reset
===LAB-BEGIN	settle_add_derive_r2
[info] compiling 1 Scala source to /private/tmp/eezo-zinc-lab/scale-derives1/target/scala-3.8.4/classes ...
[info] done compiling
===LAB-TIMED	settle_add_derive_r2	100910
edit applied: add_derive
===LAB-BEGIN	add_derive_r2
===LAB-TIMED	add_derive_r2	21628
edit applied: reset
===LAB-BEGIN	settle_drop_derive_r2
===LAB-TIMED	settle_drop_derive_r2	14425
edit applied: drop_derive
===LAB-BEGIN	drop_derive_r2
===LAB-TIMED	drop_derive_r2	14174
edit applied: reset
===LAB-BEGIN	settle_order_add_field_r2
===LAB-TIMED	settle_order_add_field_r2	12136
edit applied: order_add_field
===LAB-BEGIN	order_add_field_r2
[info] compiling 1 Scala source to /private/tmp/eezo-zinc-lab/scale-derives1/target/scala-3.8.4/classes ...
[info] done compiling
[info] compiling 1 Scala source to /private/tmp/eezo-zinc-lab/scale-derives1/target/scala-3.8.4/classes ...
[info] done compiling
===LAB-TIMED	order_add_field_r2	176419
edit applied: reset
===LAB-BEGIN	settle_inline_body_r2
[info] compiling 1 Scala source to /private/tmp/eezo-zinc-lab/scale-derives1/target/scala-3.8.4/classes ...
[info] done compiling
[info] compiling 1 Scala source to /private/tmp/eezo-zinc-lab/scale-derives1/target/scala-3.8.4/classes ...
[info] done compiling
===LAB-TIMED	settle_inline_body_r2	165293
edit applied: inline_body
===LAB-BEGIN	inline_body_r2
[info] compiling 1 Scala source to /private/tmp/eezo-zinc-lab/scale-derives1/target/scala-3.8.4/classes ...
[warn] -- [E197] Potential Issue Warning: /private/tmp/eezo-zinc-lab/scale-derives1/src/main/scala/model/Typeclasses.scala:26:4 
[warn] 26 |    new Codec[A]:
[warn]    |    ^
[warn]    |   New anonymous class definition will be duplicated at each inline site
[warn]    |
[warn]    | longer explanation available when compiling with `-explain`
[warn] -- [E197] Potential Issue Warning: /private/tmp/eezo-zinc-lab/scale-derives1/src/main/scala/model/Typeclasses.scala:40:4 
[warn] 40 |    new Table[A] { def columns = cols }
[warn]    |    ^
[warn]    |   New anonymous class definition will be duplicated at each inline site
[warn]    |
[warn]    | longer explanation available when compiling with `-explain`
[warn] -- [E197] Potential Issue Warning: /private/tmp/eezo-zinc-lab/scale-derives1/src/main/scala/model/Typeclasses.scala:47:4 
[warn] 47 |    new Form[A] { def html = cols.map(c => s"<input name='$c'>").mkString }
[warn]    |    ^
[warn]    |   New anonymous class definition will be duplicated at each inline site
[warn]    |
[warn]    | longer explanation available when compiling with `-explain`
[warn] -- [E197] Potential Issue Warning: /private/tmp/eezo-zinc-lab/scale-derives1/src/main/scala/model/Typeclasses.scala:54:4 
[warn] 54 |    new Resource[A] { def routes = List("GET /", "POST /") ++ cols.map(c => s"GET /:id/$c") }
[warn]    |    ^
[warn]    |   New anonymous class definition will be duplicated at each inline site
[warn]    |
[warn]    | longer explanation available when compiling with `-explain`
[warn] -- [E197] Potential Issue Warning: /private/tmp/eezo-zinc-lab/scale-derives1/src/main/scala/model/Typeclasses.scala:61:4 
[warn] 61 |    new Show[A] { def show(a: A) = cols.mkString("<", ",", ">") }
[warn]    |    ^
[warn]    |   New anonymous class definition will be duplicated at each inline site
[warn]    |
[warn]    | longer explanation available when compiling with `-explain`
[warn] 5 warnings found
[info] done compiling
[info] compiling 3 Scala sources to /private/tmp/eezo-zinc-lab/scale-derives1/target/scala-3.8.4/classes ...
[warn] 5 warnings found
[info] done compiling
===LAB-TIMED	inline_body_r2	218439
edit applied: reset
===LAB-BEGIN	settle_noninline_body_r2
[info] compiling 1 Scala source to /private/tmp/eezo-zinc-lab/scale-derives1/target/scala-3.8.4/classes ...
[warn] -- [E197] Potential Issue Warning: /private/tmp/eezo-zinc-lab/scale-derives1/src/main/scala/model/Typeclasses.scala:26:4 
[warn] 26 |    new Codec[A]:
[warn]    |    ^
[warn]    |   New anonymous class definition will be duplicated at each inline site
[warn]    |
[warn]    | longer explanation available when compiling with `-explain`
[warn] -- [E197] Potential Issue Warning: /private/tmp/eezo-zinc-lab/scale-derives1/src/main/scala/model/Typeclasses.scala:40:4 
[warn] 40 |    new Table[A] { def columns = cols }
[warn]    |    ^
[warn]    |   New anonymous class definition will be duplicated at each inline site
[warn]    |
[warn]    | longer explanation available when compiling with `-explain`
[warn] -- [E197] Potential Issue Warning: /private/tmp/eezo-zinc-lab/scale-derives1/src/main/scala/model/Typeclasses.scala:47:4 
[warn] 47 |    new Form[A] { def html = cols.map(c => s"<input name='$c'>").mkString }
[warn]    |    ^
[warn]    |   New anonymous class definition will be duplicated at each inline site
[warn]    |
[warn]    | longer explanation available when compiling with `-explain`
[warn] -- [E197] Potential Issue Warning: /private/tmp/eezo-zinc-lab/scale-derives1/src/main/scala/model/Typeclasses.scala:54:4 
[warn] 54 |    new Resource[A] { def routes = List("GET /", "POST /") ++ cols.map(c => s"GET /:id/$c") }
[warn]    |    ^
[warn]    |   New anonymous class definition will be duplicated at each inline site
[warn]    |
[warn]    | longer explanation available when compiling with `-explain`
[warn] -- [E197] Potential Issue Warning: /private/tmp/eezo-zinc-lab/scale-derives1/src/main/scala/model/Typeclasses.scala:61:4 
[warn] 61 |    new Show[A] { def show(a: A) = cols.mkString("<", ",", ">") }
[warn]    |    ^
[warn]    |   New anonymous class definition will be duplicated at each inline site
[warn]    |
[warn]    | longer explanation available when compiling with `-explain`
[warn] 5 warnings found
[info] done compiling
[info] compiling 3 Scala sources to /private/tmp/eezo-zinc-lab/scale-derives1/target/scala-3.8.4/classes ...
[warn] 5 warnings found
[info] done compiling
===LAB-TIMED	settle_noninline_body_r2	209823
edit applied: noninline_body
===LAB-BEGIN	noninline_body_r2
[info] compiling 1 Scala source to /private/tmp/eezo-zinc-lab/scale-derives1/target/scala-3.8.4/classes ...
[warn] -- [E197] Potential Issue Warning: /private/tmp/eezo-zinc-lab/scale-derives1/src/main/scala/model/Typeclasses.scala:26:4 
[warn] 26 |    new Codec[A]:
[warn]    |    ^
[warn]    |   New anonymous class definition will be duplicated at each inline site
[warn]    |
[warn]    | longer explanation available when compiling with `-explain`
[warn] -- [E197] Potential Issue Warning: /private/tmp/eezo-zinc-lab/scale-derives1/src/main/scala/model/Typeclasses.scala:40:4 
[warn] 40 |    new Table[A] { def columns = cols }
[warn]    |    ^
[warn]    |   New anonymous class definition will be duplicated at each inline site
[warn]    |
[warn]    | longer explanation available when compiling with `-explain`
[warn] -- [E197] Potential Issue Warning: /private/tmp/eezo-zinc-lab/scale-derives1/src/main/scala/model/Typeclasses.scala:47:4 
[warn] 47 |    new Form[A] { def html = cols.map(c => s"<input name='$c'>").mkString }
[warn]    |    ^
[warn]    |   New anonymous class definition will be duplicated at each inline site
[warn]    |
[warn]    | longer explanation available when compiling with `-explain`
[warn] -- [E197] Potential Issue Warning: /private/tmp/eezo-zinc-lab/scale-derives1/src/main/scala/model/Typeclasses.scala:54:4 
[warn] 54 |    new Resource[A] { def routes = List("GET /", "POST /") ++ cols.map(c => s"GET /:id/$c") }
[warn]    |    ^
[warn]    |   New anonymous class definition will be duplicated at each inline site
[warn]    |
[warn]    | longer explanation available when compiling with `-explain`
[warn] -- [E197] Potential Issue Warning: /private/tmp/eezo-zinc-lab/scale-derives1/src/main/scala/model/Typeclasses.scala:61:4 
[warn] 61 |    new Show[A] { def show(a: A) = cols.mkString("<", ",", ">") }
[warn]    |    ^
[warn]    |   New anonymous class definition will be duplicated at each inline site
[warn]    |
[warn]    | longer explanation available when compiling with `-explain`
[warn] 5 warnings found
[info] done compiling
===LAB-TIMED	noninline_body_r2	109603
edit applied: reset
===LAB-BEGIN	settle_unrelated_body_r2
[info] compiling 1 Scala source to /private/tmp/eezo-zinc-lab/scale-derives1/target/scala-3.8.4/classes ...
[warn] -- [E197] Potential Issue Warning: /private/tmp/eezo-zinc-lab/scale-derives1/src/main/scala/model/Typeclasses.scala:26:4 
[warn] 26 |    new Codec[A]:
[warn]    |    ^
[warn]    |   New anonymous class definition will be duplicated at each inline site
[warn]    |
[warn]    | longer explanation available when compiling with `-explain`
[warn] -- [E197] Potential Issue Warning: /private/tmp/eezo-zinc-lab/scale-derives1/src/main/scala/model/Typeclasses.scala:40:4 
[warn] 40 |    new Table[A] { def columns = cols }
[warn]    |    ^
[warn]    |   New anonymous class definition will be duplicated at each inline site
[warn]    |
[warn]    | longer explanation available when compiling with `-explain`
[warn] -- [E197] Potential Issue Warning: /private/tmp/eezo-zinc-lab/scale-derives1/src/main/scala/model/Typeclasses.scala:47:4 
[warn] 47 |    new Form[A] { def html = cols.map(c => s"<input name='$c'>").mkString }
[warn]    |    ^
[warn]    |   New anonymous class definition will be duplicated at each inline site
[warn]    |
[warn]    | longer explanation available when compiling with `-explain`
[warn] -- [E197] Potential Issue Warning: /private/tmp/eezo-zinc-lab/scale-derives1/src/main/scala/model/Typeclasses.scala:54:4 
[warn] 54 |    new Resource[A] { def routes = List("GET /", "POST /") ++ cols.map(c => s"GET /:id/$c") }
[warn]    |    ^
[warn]    |   New anonymous class definition will be duplicated at each inline site
[warn]    |
[warn]    | longer explanation available when compiling with `-explain`
[warn] -- [E197] Potential Issue Warning: /private/tmp/eezo-zinc-lab/scale-derives1/src/main/scala/model/Typeclasses.scala:61:4 
[warn] 61 |    new Show[A] { def show(a: A) = cols.mkString("<", ",", ">") }
[warn]    |    ^
[warn]    |   New anonymous class definition will be duplicated at each inline site
[warn]    |
[warn]    | longer explanation available when compiling with `-explain`
[warn] 5 warnings found
[info] done compiling
===LAB-TIMED	settle_unrelated_body_r2	99277
edit applied: unrelated_body
===LAB-BEGIN	unrelated_body_r2
[info] compiling 1 Scala source to /private/tmp/eezo-zinc-lab/scale-derives1/target/scala-3.8.4/classes ...
[info] done compiling
===LAB-TIMED	unrelated_body_r2	68019
edit applied: reset
===LAB-BEGIN	settle_consumer_body_r2
[info] compiling 1 Scala source to /private/tmp/eezo-zinc-lab/scale-derives1/target/scala-3.8.4/classes ...
[info] done compiling
===LAB-TIMED	settle_consumer_body_r2	62496
edit applied: consumer_body
===LAB-BEGIN	consumer_body_r2
[info] compiling 1 Scala source to /private/tmp/eezo-zinc-lab/scale-derives1/target/scala-3.8.4/classes ...
[info] done compiling
===LAB-TIMED	consumer_body_r2	78337
edit applied: reset
===LAB-BEGIN	settle_touch_mtime_r3
[info] compiling 1 Scala source to /private/tmp/eezo-zinc-lab/scale-derives1/target/scala-3.8.4/classes ...
[info] done compiling
===LAB-TIMED	settle_touch_mtime_r3	69919
edit applied: touch_mtime
===LAB-BEGIN	touch_mtime_r3
===LAB-TIMED	touch_mtime_r3	13562
edit applied: reset
===LAB-BEGIN	settle_comment_r3
===LAB-TIMED	settle_comment_r3	11523
edit applied: comment
===LAB-BEGIN	comment_r3
[info] compiling 1 Scala source to /private/tmp/eezo-zinc-lab/scale-derives1/target/scala-3.8.4/classes ...
[info] done compiling
===LAB-TIMED	comment_r3	101186
edit applied: reset
===LAB-BEGIN	settle_method_body_r3
[info] compiling 1 Scala source to /private/tmp/eezo-zinc-lab/scale-derives1/target/scala-3.8.4/classes ...
[info] done compiling
===LAB-TIMED	settle_method_body_r3	98918
edit applied: method_body
===LAB-BEGIN	method_body_r3
[info] compiling 1 Scala source to /private/tmp/eezo-zinc-lab/scale-derives1/target/scala-3.8.4/classes ...
[info] done compiling
===LAB-TIMED	method_body_r3	102449
edit applied: reset
===LAB-BEGIN	settle_add_field_r3
[info] compiling 1 Scala source to /private/tmp/eezo-zinc-lab/scale-derives1/target/scala-3.8.4/classes ...
[info] done compiling
===LAB-TIMED	settle_add_field_r3	98280
edit applied: add_field
===LAB-BEGIN	add_field_r3
[info] compiling 1 Scala source to /private/tmp/eezo-zinc-lab/scale-derives1/target/scala-3.8.4/classes ...
[info] done compiling
===LAB-TIMED	add_field_r3	101519
edit applied: reset
===LAB-BEGIN	settle_rename_unused_r3
[info] compiling 1 Scala source to /private/tmp/eezo-zinc-lab/scale-derives1/target/scala-3.8.4/classes ...
[info] done compiling
===LAB-TIMED	settle_rename_unused_r3	99367
edit applied: rename_unused
===LAB-BEGIN	rename_unused_r3
[info] compiling 1 Scala source to /private/tmp/eezo-zinc-lab/scale-derives1/target/scala-3.8.4/classes ...
[info] done compiling
===LAB-TIMED	rename_unused_r3	95080
edit applied: reset
===LAB-BEGIN	settle_rename_used_r3
[info] compiling 1 Scala source to /private/tmp/eezo-zinc-lab/scale-derives1/target/scala-3.8.4/classes ...
[info] done compiling
===LAB-TIMED	settle_rename_used_r3	95383
edit applied: rename_used
===LAB-BEGIN	rename_used_r3
[info] compiling 51 Scala sources to /private/tmp/eezo-zinc-lab/scale-derives1/target/scala-3.8.4/classes ...
[info] done compiling
===LAB-TIMED	rename_used_r3	213278
edit applied: reset
===LAB-BEGIN	settle_field_type_r3
[info] compiling 51 Scala sources to /private/tmp/eezo-zinc-lab/scale-derives1/target/scala-3.8.4/classes ...
[info] done compiling
===LAB-TIMED	settle_field_type_r3	199493
edit applied: field_type
===LAB-BEGIN	field_type_r3
[info] compiling 1 Scala source to /private/tmp/eezo-zinc-lab/scale-derives1/target/scala-3.8.4/classes ...
[info] done compiling
===LAB-TIMED	field_type_r3	102665
edit applied: reset
===LAB-BEGIN	settle_add_derive_r3
[info] compiling 1 Scala source to /private/tmp/eezo-zinc-lab/scale-derives1/target/scala-3.8.4/classes ...
[info] done compiling
===LAB-TIMED	settle_add_derive_r3	95136
edit applied: add_derive
===LAB-BEGIN	add_derive_r3
===LAB-TIMED	add_derive_r3	17393
edit applied: reset
===LAB-BEGIN	settle_drop_derive_r3
===LAB-TIMED	settle_drop_derive_r3	11635
edit applied: drop_derive
===LAB-BEGIN	drop_derive_r3
===LAB-TIMED	drop_derive_r3	13333
edit applied: reset
===LAB-BEGIN	settle_order_add_field_r3
===LAB-TIMED	settle_order_add_field_r3	11687
edit applied: order_add_field
===LAB-BEGIN	order_add_field_r3
[info] compiling 1 Scala source to /private/tmp/eezo-zinc-lab/scale-derives1/target/scala-3.8.4/classes ...
[info] done compiling
[info] compiling 1 Scala source to /private/tmp/eezo-zinc-lab/scale-derives1/target/scala-3.8.4/classes ...
[info] done compiling
===LAB-TIMED	order_add_field_r3	162197
edit applied: reset
===LAB-BEGIN	settle_inline_body_r3
[info] compiling 1 Scala source to /private/tmp/eezo-zinc-lab/scale-derives1/target/scala-3.8.4/classes ...
[info] done compiling
[info] compiling 1 Scala source to /private/tmp/eezo-zinc-lab/scale-derives1/target/scala-3.8.4/classes ...
[info] done compiling
===LAB-TIMED	settle_inline_body_r3	153203
edit applied: inline_body
===LAB-BEGIN	inline_body_r3
[info] compiling 1 Scala source to /private/tmp/eezo-zinc-lab/scale-derives1/target/scala-3.8.4/classes ...
[warn] -- [E197] Potential Issue Warning: /private/tmp/eezo-zinc-lab/scale-derives1/src/main/scala/model/Typeclasses.scala:26:4 
[warn] 26 |    new Codec[A]:
[warn]    |    ^
[warn]    |   New anonymous class definition will be duplicated at each inline site
[warn]    |
[warn]    | longer explanation available when compiling with `-explain`
[warn] -- [E197] Potential Issue Warning: /private/tmp/eezo-zinc-lab/scale-derives1/src/main/scala/model/Typeclasses.scala:40:4 
[warn] 40 |    new Table[A] { def columns = cols }
[warn]    |    ^
[warn]    |   New anonymous class definition will be duplicated at each inline site
[warn]    |
[warn]    | longer explanation available when compiling with `-explain`
[warn] -- [E197] Potential Issue Warning: /private/tmp/eezo-zinc-lab/scale-derives1/src/main/scala/model/Typeclasses.scala:47:4 
[warn] 47 |    new Form[A] { def html = cols.map(c => s"<input name='$c'>").mkString }
[warn]    |    ^
[warn]    |   New anonymous class definition will be duplicated at each inline site
[warn]    |
[warn]    | longer explanation available when compiling with `-explain`
[warn] -- [E197] Potential Issue Warning: /private/tmp/eezo-zinc-lab/scale-derives1/src/main/scala/model/Typeclasses.scala:54:4 
[warn] 54 |    new Resource[A] { def routes = List("GET /", "POST /") ++ cols.map(c => s"GET /:id/$c") }
[warn]    |    ^
[warn]    |   New anonymous class definition will be duplicated at each inline site
[warn]    |
[warn]    | longer explanation available when compiling with `-explain`
[warn] -- [E197] Potential Issue Warning: /private/tmp/eezo-zinc-lab/scale-derives1/src/main/scala/model/Typeclasses.scala:61:4 
[warn] 61 |    new Show[A] { def show(a: A) = cols.mkString("<", ",", ">") }
[warn]    |    ^
[warn]    |   New anonymous class definition will be duplicated at each inline site
[warn]    |
[warn]    | longer explanation available when compiling with `-explain`
[warn] 5 warnings found
[info] done compiling
[info] compiling 3 Scala sources to /private/tmp/eezo-zinc-lab/scale-derives1/target/scala-3.8.4/classes ...
[warn] 5 warnings found
[info] done compiling
===LAB-TIMED	inline_body_r3	209359
edit applied: reset
===LAB-BEGIN	settle_noninline_body_r3
[info] compiling 1 Scala source to /private/tmp/eezo-zinc-lab/scale-derives1/target/scala-3.8.4/classes ...
[warn] -- [E197] Potential Issue Warning: /private/tmp/eezo-zinc-lab/scale-derives1/src/main/scala/model/Typeclasses.scala:26:4 
[warn] 26 |    new Codec[A]:
[warn]    |    ^
[warn]    |   New anonymous class definition will be duplicated at each inline site
[warn]    |
[warn]    | longer explanation available when compiling with `-explain`
[warn] -- [E197] Potential Issue Warning: /private/tmp/eezo-zinc-lab/scale-derives1/src/main/scala/model/Typeclasses.scala:40:4 
[warn] 40 |    new Table[A] { def columns = cols }
[warn]    |    ^
[warn]    |   New anonymous class definition will be duplicated at each inline site
[warn]    |
[warn]    | longer explanation available when compiling with `-explain`
[warn] -- [E197] Potential Issue Warning: /private/tmp/eezo-zinc-lab/scale-derives1/src/main/scala/model/Typeclasses.scala:47:4 
[warn] 47 |    new Form[A] { def html = cols.map(c => s"<input name='$c'>").mkString }
[warn]    |    ^
[warn]    |   New anonymous class definition will be duplicated at each inline site
[warn]    |
[warn]    | longer explanation available when compiling with `-explain`
[warn] -- [E197] Potential Issue Warning: /private/tmp/eezo-zinc-lab/scale-derives1/src/main/scala/model/Typeclasses.scala:54:4 
[warn] 54 |    new Resource[A] { def routes = List("GET /", "POST /") ++ cols.map(c => s"GET /:id/$c") }
[warn]    |    ^
[warn]    |   New anonymous class definition will be duplicated at each inline site
[warn]    |
[warn]    | longer explanation available when compiling with `-explain`
[warn] -- [E197] Potential Issue Warning: /private/tmp/eezo-zinc-lab/scale-derives1/src/main/scala/model/Typeclasses.scala:61:4 
[warn] 61 |    new Show[A] { def show(a: A) = cols.mkString("<", ",", ">") }
[warn]    |    ^
[warn]    |   New anonymous class definition will be duplicated at each inline site
[warn]    |
[warn]    | longer explanation available when compiling with `-explain`
[warn] 5 warnings found
[info] done compiling
[info] compiling 3 Scala sources to /private/tmp/eezo-zinc-lab/scale-derives1/target/scala-3.8.4/classes ...
[warn] 5 warnings found
[info] done compiling
===LAB-TIMED	settle_noninline_body_r3	197455
edit applied: noninline_body
===LAB-BEGIN	noninline_body_r3
[info] compiling 1 Scala source to /private/tmp/eezo-zinc-lab/scale-derives1/target/scala-3.8.4/classes ...
[warn] -- [E197] Potential Issue Warning: /private/tmp/eezo-zinc-lab/scale-derives1/src/main/scala/model/Typeclasses.scala:26:4 
[warn] 26 |    new Codec[A]:
[warn]    |    ^
[warn]    |   New anonymous class definition will be duplicated at each inline site
[warn]    |
[warn]    | longer explanation available when compiling with `-explain`
[warn] -- [E197] Potential Issue Warning: /private/tmp/eezo-zinc-lab/scale-derives1/src/main/scala/model/Typeclasses.scala:40:4 
[warn] 40 |    new Table[A] { def columns = cols }
[warn]    |    ^
[warn]    |   New anonymous class definition will be duplicated at each inline site
[warn]    |
[warn]    | longer explanation available when compiling with `-explain`
[warn] -- [E197] Potential Issue Warning: /private/tmp/eezo-zinc-lab/scale-derives1/src/main/scala/model/Typeclasses.scala:47:4 
[warn] 47 |    new Form[A] { def html = cols.map(c => s"<input name='$c'>").mkString }
[warn]    |    ^
[warn]    |   New anonymous class definition will be duplicated at each inline site
[warn]    |
[warn]    | longer explanation available when compiling with `-explain`
[warn] -- [E197] Potential Issue Warning: /private/tmp/eezo-zinc-lab/scale-derives1/src/main/scala/model/Typeclasses.scala:54:4 
[warn] 54 |    new Resource[A] { def routes = List("GET /", "POST /") ++ cols.map(c => s"GET /:id/$c") }
[warn]    |    ^
[warn]    |   New anonymous class definition will be duplicated at each inline site
[warn]    |
[warn]    | longer explanation available when compiling with `-explain`
[warn] -- [E197] Potential Issue Warning: /private/tmp/eezo-zinc-lab/scale-derives1/src/main/scala/model/Typeclasses.scala:61:4 
[warn] 61 |    new Show[A] { def show(a: A) = cols.mkString("<", ",", ">") }
[warn]    |    ^
[warn]    |   New anonymous class definition will be duplicated at each inline site
[warn]    |
[warn]    | longer explanation available when compiling with `-explain`
[warn] 5 warnings found
[info] done compiling
===LAB-TIMED	noninline_body_r3	97181
edit applied: reset
===LAB-BEGIN	settle_unrelated_body_r3
[info] compiling 1 Scala source to /private/tmp/eezo-zinc-lab/scale-derives1/target/scala-3.8.4/classes ...
[warn] -- [E197] Potential Issue Warning: /private/tmp/eezo-zinc-lab/scale-derives1/src/main/scala/model/Typeclasses.scala:26:4 
[warn] 26 |    new Codec[A]:
[warn]    |    ^
[warn]    |   New anonymous class definition will be duplicated at each inline site
[warn]    |
[warn]    | longer explanation available when compiling with `-explain`
[warn] -- [E197] Potential Issue Warning: /private/tmp/eezo-zinc-lab/scale-derives1/src/main/scala/model/Typeclasses.scala:40:4 
[warn] 40 |    new Table[A] { def columns = cols }
[warn]    |    ^
[warn]    |   New anonymous class definition will be duplicated at each inline site
[warn]    |
[warn]    | longer explanation available when compiling with `-explain`
[warn] -- [E197] Potential Issue Warning: /private/tmp/eezo-zinc-lab/scale-derives1/src/main/scala/model/Typeclasses.scala:47:4 
[warn] 47 |    new Form[A] { def html = cols.map(c => s"<input name='$c'>").mkString }
[warn]    |    ^
[warn]    |   New anonymous class definition will be duplicated at each inline site
[warn]    |
[warn]    | longer explanation available when compiling with `-explain`
[warn] -- [E197] Potential Issue Warning: /private/tmp/eezo-zinc-lab/scale-derives1/src/main/scala/model/Typeclasses.scala:54:4 
[warn] 54 |    new Resource[A] { def routes = List("GET /", "POST /") ++ cols.map(c => s"GET /:id/$c") }
[warn]    |    ^
[warn]    |   New anonymous class definition will be duplicated at each inline site
[warn]    |
[warn]    | longer explanation available when compiling with `-explain`
[warn] -- [E197] Potential Issue Warning: /private/tmp/eezo-zinc-lab/scale-derives1/src/main/scala/model/Typeclasses.scala:61:4 
[warn] 61 |    new Show[A] { def show(a: A) = cols.mkString("<", ",", ">") }
[warn]    |    ^
[warn]    |   New anonymous class definition will be duplicated at each inline site
[warn]    |
[warn]    | longer explanation available when compiling with `-explain`
[warn] 5 warnings found
[info] done compiling
===LAB-TIMED	settle_unrelated_body_r3	97705
edit applied: unrelated_body
===LAB-BEGIN	unrelated_body_r3
[info] compiling 1 Scala source to /private/tmp/eezo-zinc-lab/scale-derives1/target/scala-3.8.4/classes ...
[info] done compiling
===LAB-TIMED	unrelated_body_r3	65653
edit applied: reset
===LAB-BEGIN	settle_consumer_body_r3
[info] compiling 1 Scala source to /private/tmp/eezo-zinc-lab/scale-derives1/target/scala-3.8.4/classes ...
[info] done compiling
===LAB-TIMED	settle_consumer_body_r3	60245
edit applied: consumer_body
===LAB-BEGIN	consumer_body_r3
[info] compiling 1 Scala source to /private/tmp/eezo-zinc-lab/scale-derives1/target/scala-3.8.4/classes ...
[info] done compiling
===LAB-TIMED	consumer_body_r3	77112
edit applied: reset
===LAB-BEGIN	final_reset
[info] compiling 1 Scala source to /private/tmp/eezo-zinc-lab/scale-derives1/target/scala-3.8.4/classes ...
[info] done compiling
===LAB-TIMED	final_reset	69522
